../Src/018can_latency_test.c:85:13:uart_print	16	static
../Src/018can_latency_test.c:92:13:u32_to_dec	40	static
../Src/018can_latency_test.c:120:13:u32_to_hex	56	static
../Src/018can_latency_test.c:136:13:TIM2_MicrosTimer_Init	4	static
../Src/018can_latency_test.c:154:24:micros	4	static
../Src/018can_latency_test.c:159:13:delay_us	24	static
../Src/018can_latency_test.c:164:13:delay_ms	16	static
../Src/018can_latency_test.c:176:13:CAN1_GPIO_Init	24	static
../Src/018can_latency_test.c:196:13:UART2_GPIO_Init	24	static
../Src/018can_latency_test.c:222:13:UART2_Init	8	static
../Src/018can_latency_test.c:246:13:CAN1_Init_500kbps	8	static
../Src/018can_latency_test.c:282:13:CAN1_Filter_Init	32	static
../Src/018can_latency_test.c:308:13:print_banner	8	static
../Src/018can_latency_test.c:318:13:print_tx	32	static
../Src/018can_latency_test.c:336:13:print_rx	40	static
../Src/018can_latency_test.c:354:13:print_latency	32	static
../Src/018can_latency_test.c:378:5:main	144	static
