../Src/can_latency_polling.c:75:13:uart_print	16	static
../Src/can_latency_polling.c:82:13:u32_to_dec	40	static
../Src/can_latency_polling.c:110:13:u32_to_hex	56	static
../Src/can_latency_polling.c:126:13:TIM2_MicrosTimer_Init	4	static
../Src/can_latency_polling.c:144:24:micros	4	static
../Src/can_latency_polling.c:149:13:delay_us	24	static
../Src/can_latency_polling.c:154:13:delay_ms	16	static
../Src/can_latency_polling.c:166:13:CAN1_GPIO_Init	24	static
../Src/can_latency_polling.c:186:13:UART2_GPIO_Init	24	static
../Src/can_latency_polling.c:212:13:UART2_Init	8	static
../Src/can_latency_polling.c:236:13:CAN1_Init_500kbps	8	static
../Src/can_latency_polling.c:272:13:CAN1_Filter_Init	32	static
../Src/can_latency_polling.c:298:13:print_banner	8	static
../Src/can_latency_polling.c:308:13:print_tx	32	static
../Src/can_latency_polling.c:326:13:print_rx	40	static
../Src/can_latency_polling.c:344:13:print_latency	32	static
../Src/can_latency_polling.c:368:5:main	128	static
