../Src/can_latency_polling.c:75:13:uart_print	1
../Src/can_latency_polling.c:82:13:u32_to_dec	5
../Src/can_latency_polling.c:110:13:u32_to_hex	2
../Src/can_latency_polling.c:126:13:TIM2_MicrosTimer_Init	1
../Src/can_latency_polling.c:144:24:micros	1
../Src/can_latency_polling.c:149:13:delay_us	2
../Src/can_latency_polling.c:154:13:delay_ms	2
../Src/can_latency_polling.c:166:13:CAN1_GPIO_Init	1
../Src/can_latency_polling.c:186:13:UART2_GPIO_Init	1
../Src/can_latency_polling.c:212:13:UART2_Init	1
../Src/can_latency_polling.c:236:13:CAN1_Init_500kbps	1
../Src/can_latency_polling.c:272:13:CAN1_Filter_Init	1
../Src/can_latency_polling.c:298:13:print_banner	1
../Src/can_latency_polling.c:308:13:print_tx	1
../Src/can_latency_polling.c:326:13:print_rx	1
../Src/can_latency_polling.c:344:13:print_latency	2
../Src/can_latency_polling.c:368:5:main	4
