../drivers/Src/stm32f4xx_can_driver.c:50:6:CAN_PeriClockControl	16	static
../drivers/Src/stm32f4xx_can_driver.c:93:6:CAN_Init	24	static
../drivers/Src/stm32f4xx_can_driver.c:206:6:CAN_DeInit	16	static
../drivers/Src/stm32f4xx_can_driver.c:243:6:CAN_ConfigFilter	24	static
../drivers/Src/stm32f4xx_can_driver.c:331:9:CAN_SendMessage	40	static
../drivers/Src/stm32f4xx_can_driver.c:427:6:CAN_ReceiveMessage	24	static
../drivers/Src/stm32f4xx_can_driver.c:499:9:CAN_SendMessageIT	24	static
../drivers/Src/stm32f4xx_can_driver.c:561:9:CAN_ReceiveMessageIT	24	static
../drivers/Src/stm32f4xx_can_driver.c:614:6:CAN_IRQITConfig	16	static
../drivers/Src/stm32f4xx_can_driver.c:648:6:CAN_IRQPriorityConfig	24	static
../drivers/Src/stm32f4xx_can_driver.c:678:6:CAN_TX_IRQHandling	16	static
../drivers/Src/stm32f4xx_can_driver.c:697:6:CAN_RX0_IRQHandling	24	static
../drivers/Src/stm32f4xx_can_driver.c:729:6:CAN_RX1_IRQHandling	24	static
../drivers/Src/stm32f4xx_can_driver.c:768:6:CAN_SCE_IRQHandling	16	static
../drivers/Src/stm32f4xx_can_driver.c:798:13:CAN_ApplicationEventCallback	16	static
../drivers/Src/stm32f4xx_can_driver.c:822:16:can_get_free_tx_mailbox	16	static
../drivers/Src/stm32f4xx_can_driver.c:842:13:can_tx_mailbox_IThandle	16	static
../drivers/Src/stm32f4xx_can_driver.c:875:13:can_rx_fifo_IThandle	24	static
